// Jest Snapshot v1, https://goo.gl/fbAQLP

exports[`Linkable Header Should render the right content 1`] = `
<div>
  <h4
    class="linkable-header"
    id="test-id"
  >
    Test Header Content
    <a
      class="link-element"
      href="#test-id"
    >
      ðŸ”—
    </a>
  </h4>
</div>
`;
