// Jest Snapshot v1, https://goo.gl/fbAQLP

exports[`button should renders correctly 1`] = `
<button
  className="button Button"
  data-testid="btn"
>
  Test label
</button>
`;
