// Jest Snapshot v1, https://goo.gl/fbAQLP

exports[`Menu should renders correctly 1`] = `
<div
  className="d-inline-block headerLink menuWrapper"
/>
`;
